src/auth/auth.service.ts(57,9): error TS2322: Type '"USER"' is not assignable to type 'Role | undefined'.
src/auth/auth.service.ts(190,9): error TS2353: Object literal may only specify known properties, and 'refreshToken' does not exist in type '(Without<UserUpdateInput, UserUncheckedUpdateInput> & UserUncheckedUpdateInput) | (Without<...> & UserUpdateInput)'.
src/auth/auth.service.ts(300,15): error TS2353: Object literal may only specify known properties, and 'refreshToken' does not exist in type '(Without<UserUpdateInput, UserUncheckedUpdateInput> & UserUncheckedUpdateInput) | (Without<...> & UserUpdateInput)'.
src/auth/auth.service.ts(505,11): error TS2353: Object literal may only specify known properties, and 'refreshToken' does not exist in type 'UserSelect<DefaultArgs>'.
src/auth/auth.service.ts(514,17): error TS2339: Property 'refreshToken' does not exist on type '{ id: string; name: string; email: string; password: string; role: Role; phone: string | null; dateOfBirth: Date | null; avatarUrl: string | null; resetpasswordToken: string | null; ... 9 more ...; updated_at: Date; }'.
src/auth/auth.service.ts(522,14): error TS2339: Property 'refreshToken' does not exist on type '{ id: string; name: string; email: string; password: string; role: Role; phone: string | null; dateOfBirth: Date | null; avatarUrl: string | null; resetpasswordToken: string | null; ... 9 more ...; updated_at: Date; }'.
src/auth/auth.service.ts(528,19): error TS2353: Object literal may only specify known properties, and 'refreshToken' does not exist in type '(Without<UserUpdateInput, UserUncheckedUpdateInput> & UserUncheckedUpdateInput) | (Without<...> & UserUpdateInput)'.
src/auth/auth.service.ts(560,17): error TS2353: Object literal may only specify known properties, and 'refreshToken' does not exist in type '(Without<UserUpdateInput, UserUncheckedUpdateInput> & UserUncheckedUpdateInput) | (Without<...> & UserUpdateInput)'.
src/auth/auth.service.ts(563,15): error TS2339: Property 'refreshToken' does not exist on type '{ id: string; name: string; email: string; password: string; role: Role; phone: string | null; dateOfBirth: Date | null; avatarUrl: string | null; resetpasswordToken: string | null; ... 9 more ...; updated_at: Date; }'.
src/auth/auth.service.ts(582,15): error TS2353: Object literal may only specify known properties, and 'refreshToken' does not exist in type '(Without<UserUpdateInput, UserUncheckedUpdateInput> & UserUncheckedUpdateInput) | (Without<...> & UserUpdateInput)'.
src/meetings/meetings.service.ts(32,9): error TS2322: Type 'Date | undefined' is not assignable to type 'string | Date'.
  Type 'undefined' is not assignable to type 'string | Date'.
src/meetings/meetings.service.ts(40,9): error TS2353: Object literal may only specify known properties, and 'platform' does not exist in type 'MeetingSelect<DefaultArgs>'.
src/meetings/meetings.service.ts(59,13): error TS2353: Object literal may only specify known properties, and 'hostId' does not exist in type 'MeetingWhereInput'.
src/meetings/meetings.service.ts(60,13): error TS2353: Object literal may only specify known properties, and 'participants' does not exist in type 'MeetingWhereInput'.
src/meetings/meetings.service.ts(68,9): error TS2353: Object literal may only specify known properties, and 'platform' does not exist in type 'MeetingSelect<DefaultArgs>'.
src/meetings/meetings.service.ts(77,18): error TS2353: Object literal may only specify known properties, and 'createdAt' does not exist in type 'MeetingOrderByWithRelationInput | MeetingOrderByWithRelationInput[]'.
src/meetings/meetings.service.ts(91,9): error TS2353: Object literal may only specify known properties, and 'platform' does not exist in type 'MeetingSelect<DefaultArgs>'.
src/meetings/meetings.service.ts(131,28): error TS2339: Property 'host' does not exist on type '{ id: string; status: MeetingStatus; scheduledAt: Date; created_at: Date; updated_at: Date; title: string; description: string | null; timezone: string; ... 5 more ...; groupId: string | null; }'.
src/meetings/meetings.service.ts(132,35): error TS2339: Property 'participants' does not exist on type '{ id: string; status: MeetingStatus; scheduledAt: Date; created_at: Date; updated_at: Date; title: string; description: string | null; timezone: string; ... 5 more ...; groupId: string | null; }'.
src/meetings/meetings.service.ts(143,27): error TS2353: Object literal may only specify known properties, and 'hostId' does not exist in type 'MeetingSelect<DefaultArgs>'.
src/meetings/meetings.service.ts(147,17): error TS2339: Property 'hostId' does not exist on type '{ id: string; status: MeetingStatus; scheduledAt: Date; created_at: Date; updated_at: Date; title: string; description: string | null; timezone: string; ... 5 more ...; groupId: string | null; }'.
src/meetings/meetings.service.ts(171,9): error TS2353: Object literal may only specify known properties, and 'platform' does not exist in type 'MeetingSelect<DefaultArgs>'.
src/meetings/meetings.service.ts(185,27): error TS2353: Object literal may only specify known properties, and 'hostId' does not exist in type 'MeetingSelect<DefaultArgs>'.
src/meetings/meetings.service.ts(189,17): error TS2339: Property 'hostId' does not exist on type '{ id: string; status: MeetingStatus; scheduledAt: Date; created_at: Date; updated_at: Date; title: string; description: string | null; timezone: string; ... 5 more ...; groupId: string | null; }'.
src/meetings/meetings.service.ts(205,41): error TS2353: Object literal may only specify known properties, and 'hostId' does not exist in type 'MeetingSelect<DefaultArgs>'.
src/meetings/meetings.service.ts(215,40): error TS2339: Property 'meetingParticipant' does not exist on type 'PrismaService'.
src/meetings/meetings.service.ts(223,26): error TS2339: Property 'hostId' does not exist on type '{ id: string; status: MeetingStatus; scheduledAt: Date; created_at: Date; updated_at: Date; title: string; description: string | null; timezone: string; ... 5 more ...; groupId: string | null; }'.
src/meetings/meetings.service.ts(225,43): error TS2339: Property 'meetingParticipant' does not exist on type 'PrismaService'.
src/meetings/meetings.service.ts(246,43): error TS2339: Property 'meetingParticipant' does not exist on type 'PrismaService'.
src/meetings/meetings.service.ts(259,39): error TS2339: Property 'meetingParticipant' does not exist on type 'PrismaService'.
src/meetings/meetings.service.ts(280,9): error TS2353: Object literal may only specify known properties, and 'hostId' does not exist in type 'MeetingSelect<DefaultArgs>'.
src/meetings/meetings.service.ts(287,28): error TS2339: Property 'hostId' does not exist on type '{ id: string; status: MeetingStatus; scheduledAt: Date; created_at: Date; updated_at: Date; title: string; description: string | null; timezone: string; ... 5 more ...; groupId: string | null; }'.
src/meetings/meetings.service.ts(288,35): error TS2339: Property 'participants' does not exist on type '{ id: string; status: MeetingStatus; scheduledAt: Date; created_at: Date; updated_at: Date; title: string; description: string | null; timezone: string; ... 5 more ...; groupId: string | null; }'.
src/meetings/meetings.service.ts(294,44): error TS2339: Property 'meetingParticipant' does not exist on type 'PrismaService'.
src/meetings/meetings.service.ts(321,27): error TS2353: Object literal may only specify known properties, and 'hostId' does not exist in type 'MeetingSelect<DefaultArgs>'.
src/meetings/meetings.service.ts(325,17): error TS2339: Property 'hostId' does not exist on type '{ id: string; status: MeetingStatus; scheduledAt: Date; created_at: Date; updated_at: Date; title: string; description: string | null; timezone: string; ... 5 more ...; groupId: string | null; }'.
src/meetings/meetings.service.ts(331,39): error TS2339: Property 'meetingParticipant' does not exist on type 'PrismaService'.
src/meetings/meetings.service.ts(366,9): error TS2353: Object literal may only specify known properties, and 'hostId' does not exist in type 'MeetingSelect<DefaultArgs>'.
src/meetings/meetings.service.ts(373,28): error TS2339: Property 'hostId' does not exist on type '{ id: string; status: MeetingStatus; scheduledAt: Date; created_at: Date; updated_at: Date; title: string; description: string | null; timezone: string; ... 5 more ...; groupId: string | null; }'.
src/meetings/meetings.service.ts(374,35): error TS2339: Property 'participants' does not exist on type '{ id: string; status: MeetingStatus; scheduledAt: Date; created_at: Date; updated_at: Date; title: string; description: string | null; timezone: string; ... 5 more ...; groupId: string | null; }'.
src/meetings/meetings.service.ts(384,40): error TS2339: Property 'meetingMaterial' does not exist on type 'PrismaService'.
src/meetings/meetings.service.ts(414,9): error TS2353: Object literal may only specify known properties, and 'hostId' does not exist in type 'MeetingSelect<DefaultArgs>'.
src/meetings/meetings.service.ts(421,28): error TS2339: Property 'hostId' does not exist on type '{ id: string; status: MeetingStatus; scheduledAt: Date; created_at: Date; updated_at: Date; title: string; description: string | null; timezone: string; ... 5 more ...; groupId: string | null; }'.
src/meetings/meetings.service.ts(422,35): error TS2339: Property 'participants' does not exist on type '{ id: string; status: MeetingStatus; scheduledAt: Date; created_at: Date; updated_at: Date; title: string; description: string | null; timezone: string; ... 5 more ...; groupId: string | null; }'.
src/meetings/meetings.service.ts(428,41): error TS2339: Property 'meetingMaterial' does not exist on type 'PrismaService'.
src/meetings/meetings.service.ts(451,40): error TS2339: Property 'meetingMaterial' does not exist on type 'PrismaService'.
src/meetings/meetings.service.ts(475,23): error TS2339: Property 'meetingMaterial' does not exist on type 'PrismaService'.
src/oauth/oauth.service.ts(86,17): error TS2353: Object literal may only specify known properties, and 'refreshToken' does not exist in type '(Without<UserUpdateInput, UserUncheckedUpdateInput> & UserUncheckedUpdateInput) | (Without<...> & UserUpdateInput)'.
src/oauth/oauth.service.ts(126,15): error TS2353: Object literal may only specify known properties, and 'refreshToken' does not exist in type '(Without<UserUpdateInput, UserUncheckedUpdateInput> & UserUncheckedUpdateInput) | (Without<...> & UserUpdateInput)'.
